---------------------------
Warning
---------------------------
Important! Because an activated User Account Control (UAC) on your system some functions of XAMPP are possibly restricted. With UAC please avoid to install XAMPP to C:\Program Files (x86) (missing write permisssions). Or deactivate UAC with msconfig after this setup.
---------------------------
OK   
---------------------------



git init   // para crear un proyeto 



jleyva@Cor4-230558-196 MINGW64 /c/Proyectos01/Arquitectura
$ git push
fatal: not a git repository (or any of the parent directories): .git

jleyva@Cor4-230558-196 MINGW64 /c/Proyectos01/Arquitectura
$ git init
Initialized empty Git repository in C:/Proyectos01/Arquitectura/.git/

jleyva@Cor4-230558-196 MINGW64 /c/Proyectos01/Arquitectura (master)
$ git status
On branch master

No commits yet

Untracked files:
  (use "git add <file>..." to include in what will be committed)
        .gitignore
        .idea/
        app/
        build.gradle
        gradle.properties
        gradle/
        gradlew
        gradlew.bat
        settings.gradle

nothing added to commit but untracked files present (use "git add" to track)

jleyva@Cor4-230558-196 MINGW64 /c/Proyectos01/Arquitectura (master)
$ git add .
warning: LF will be replaced by CRLF in gradlew.
The file will have its original line endings in your working directory

jleyva@Cor4-230558-196 MINGW64 /c/Proyectos01/Arquitectura (master)
$ git status
On branch master

No commits yet

Changes to be committed:
  (use "git rm --cached <file>..." to unstage)
        new file:   .gitignore
        new file:   .idea/codeStyles/Project.xml
        new file:   .idea/gradle.xml
        new file:   .idea/misc.xml
        new file:   .idea/runConfigurations.xml
        new file:   app/.gitignore
        new file:   app/build.gradle
        new file:   app/libs/dialogutils-1.0.1.aar
        new file:   app/libs/scanner-1.3.0.aar
        new file:   app/libs/sdk-0.1.0.aar
        new file:   app/proguard-rules.pro
        new file:   app/src/androidTest/java/com/cedisropa/arquitectura/ExampleInstrumentedTest.java
        new file:   app/src/main/AndroidManifest.xml
        new file:   app/src/main/java/com/cedisropa/arquitectura/MainActivity.java
        new file:   app/src/main/res/drawable-v24/ic_launcher_foreground.xml
        new file:   app/src/main/res/drawable/ic_launcher_background.xml
        new file:   app/src/main/res/layout/activity_main.xml
        new file:   app/src/main/res/mipmap-anydpi-v26/ic_launcher.xml
        new file:   app/src/main/res/mipmap-anydpi-v26/ic_launcher_round.xml
        new file:   app/src/main/res/mipmap-hdpi/ic_launcher.png
        new file:   app/src/main/res/mipmap-hdpi/ic_launcher_round.png
        new file:   app/src/main/res/mipmap-mdpi/ic_launcher.png
        new file:   app/src/main/res/mipmap-mdpi/ic_launcher_round.png
        new file:   app/src/main/res/mipmap-xhdpi/ic_launcher.png
        new file:   app/src/main/res/mipmap-xhdpi/ic_launcher_round.png
        new file:   app/src/main/res/mipmap-xxhdpi/ic_launcher.png
        new file:   app/src/main/res/mipmap-xxhdpi/ic_launcher_round.png
        new file:   app/src/main/res/mipmap-xxxhdpi/ic_launcher.png
        new file:   app/src/main/res/mipmap-xxxhdpi/ic_launcher_round.png
        new file:   app/src/main/res/values/colors.xml
        new file:   app/src/main/res/values/strings.xml
        new file:   app/src/main/res/values/styles.xml
        new file:   app/src/test/java/com/cedisropa/arquitectura/ExampleUnitTest.java
        new file:   build.gradle
        new file:   gradle.properties
        new file:   gradle/wrapper/gradle-wrapper.jar
        new file:   gradle/wrapper/gradle-wrapper.properties
        new file:   gradlew
        new file:   gradlew.bat
        new file:   settings.gradle


jleyva@Cor4-230558-196 MINGW64 /c/Proyectos01/Arquitectura (master)
$ git commit
[master (root-commit) 2ec9bb2] Commit inicial para subir proyecto
 Committer: Kenia Jazmin Leyva Camacho <jleyva@coppel.com>
Your name and email address were configured automatically based
on your username and hostname. Please check that they are accurate.
You can suppress this message by setting them explicitly. Run the
following command and follow the instructions in your editor to edit
your configuration file:

    git config --global --edit

After doing this, you may fix the identity used for this commit with:

    git commit --amend --reset-author

 40 files changed, 856 insertions(+)
 create mode 100644 .gitignore
 create mode 100644 .idea/codeStyles/Project.xml
 create mode 100644 .idea/gradle.xml
 create mode 100644 .idea/misc.xml
 create mode 100644 .idea/runConfigurations.xml
 create mode 100644 app/.gitignore
 create mode 100644 app/build.gradle
 create mode 100644 app/libs/dialogutils-1.0.1.aar
 create mode 100644 app/libs/scanner-1.3.0.aar
 create mode 100644 app/libs/sdk-0.1.0.aar
 create mode 100644 app/proguard-rules.pro
 create mode 100644 app/src/androidTest/java/com/cedisropa/arquitectura/ExampleInstrumentedTest.java
 create mode 100644 app/src/main/AndroidManifest.xml
 create mode 100644 app/src/main/java/com/cedisropa/arquitectura/MainActivity.java
 create mode 100644 app/src/main/res/drawable-v24/ic_launcher_foreground.xml
 create mode 100644 app/src/main/res/drawable/ic_launcher_background.xml
 create mode 100644 app/src/main/res/layout/activity_main.xml
 create mode 100644 app/src/main/res/mipmap-anydpi-v26/ic_launcher.xml
 create mode 100644 app/src/main/res/mipmap-anydpi-v26/ic_launcher_round.xml
 create mode 100644 app/src/main/res/mipmap-hdpi/ic_launcher.png
 create mode 100644 app/src/main/res/mipmap-hdpi/ic_launcher_round.png
 create mode 100644 app/src/main/res/mipmap-mdpi/ic_launcher.png
 create mode 100644 app/src/main/res/mipmap-mdpi/ic_launcher_round.png
 create mode 100644 app/src/main/res/mipmap-xhdpi/ic_launcher.png
 create mode 100644 app/src/main/res/mipmap-xhdpi/ic_launcher_round.png
 create mode 100644 app/src/main/res/mipmap-xxhdpi/ic_launcher.png
 create mode 100644 app/src/main/res/mipmap-xxhdpi/ic_launcher_round.png
 create mode 100644 app/src/main/res/mipmap-xxxhdpi/ic_launcher.png
 create mode 100644 app/src/main/res/mipmap-xxxhdpi/ic_launcher_round.png
 create mode 100644 app/src/main/res/values/colors.xml
 create mode 100644 app/src/main/res/values/strings.xml
 create mode 100644 app/src/main/res/values/styles.xml
 create mode 100644 app/src/test/java/com/cedisropa/arquitectura/ExampleUnitTest.java
 create mode 100644 build.gradle
 create mode 100644 gradle.properties
 create mode 100644 gradle/wrapper/gradle-wrapper.jar
 create mode 100644 gradle/wrapper/gradle-wrapper.properties
 create mode 100644 gradlew
 create mode 100644 gradlew.bat
 create mode 100644 settings.gradle

jleyva@Cor4-230558-196 MINGW64 /c/Proyectos01/Arquitectura (master)
$ git branh
git: 'branh' is not a git command. See 'git --help'.

The most similar command is
        branch

jleyva@Cor4-230558-196 MINGW64 /c/Proyectos01/Arquitectura (master)
$ git branch
* master

jleyva@Cor4-230558-196 MINGW64 /c/Proyectos01/Arquitectura (master)
$ git branch --all
* master

jleyva@Cor4-230558-196 MINGW64 /c/Proyectos01/Arquitectura (master)
$ git log
commit 2ec9bb2a2466dedde5d9835c565f0d0c451eefec (HEAD -> master)
Author: Kenia Jazmin Leyva Camacho <jleyva@coppel.com>
Date:   Thu Aug 29 10:36:26 2019 -0600

    Commit inicial para subir proyecto

jleyva@Cor4-230558-196 MINGW64 /c/Proyectos01/Arquitectura (master)
$ git remote add origin https://github.com/danyvalenz/BrandonEsLoMaximo.git

jleyva@Cor4-230558-196 MINGW64 /c/Proyectos01/Arquitectura (master)
$ git push
fatal: The current branch master has no upstream branch.
To push the current branch and set the remote as upstream, use

    git push --set-upstream origin master


jleyva@Cor4-230558-196 MINGW64 /c/Proyectos01/Arquitectura (master)
$ git push -u origin master
Logon failed, use ctrl+c to cancel basic credential prompt.
remote: Invalid username or password.
fatal: Authentication failed for 'https://github.com/danyvalenz/BrandonEsLoMaximo.git/'

jleyva@Cor4-230558-196 MINGW64 /c/Proyectos01/Arquitectura (master)
$ git push -u origin master
Logon failed, use ctrl+c to cancel basic credential prompt.
error: unable to read askpass response from 'C:/Program Files/Git/mingw64/libexec/git-core/git-gui--askpass'
Username for 'https://github.com': danyvalenz
Enumerating objects: 74, done.
Counting objects: 100% (74/74), done.
Delta compression using up to 8 threads
Compressing objects: 100% (56/56), done.
Writing objects: 100% (74/74), 206.35 KiB | 2.43 MiB/s, done.
Total 74 (delta 0), reused 0 (delta 0)
To https://github.com/danyvalenz/BrandonEsLoMaximo.git
 * [new branch]      master -> master
Branch 'master' set up to track remote branch 'master' from 'origin'.

jleyva@Cor4-230558-196 MINGW64 /c/Proyectos01/Arquitectura (master)
$




http://10.28.114.110:11009/PDA009_CAPTURADEPRESURTIDO/api/



Response{protocol=http/1.1, code=404, message=Not Found, url=http://10.28.114.110:11009/PDA009_CAPTURADEPRESURTIDO/api/validarSurtidor/10.28.114.110/1286/1/110}